// Jest Snapshot v1, https://goo.gl/fbAQLP

exports[`QuestionListコンポーネントのテスト スナップショットテスト 1`] = `
<div>
  <div
    class="py-5"
  >
    <h2>
      Q
      1
      :
      質問のタイトルが入ります
    </h2>
    <p
      class="mt-2 mb-4"
      id="question-content-0"
    >
      テキストテキストテキストテキストテキストテキストテキストテキストテキストテキストテキストテキストテキストテキストテキストテキストテキストテキストテキストテキストテキストテキストテキストテキスト
    </p>
    <label
      for="質問のタイトルが入ります"
    >
      <p
        id="answer-title-0"
      >
        解答記入欄
      </p>
    </label>
    <textarea
      class="border border-black mt-1 w-full"
      cols="50"
      id="質問のタイトルが入ります"
      name="質問のタイトルが入ります"
      rows="6"
    />
  </div>
  <div
    class="py-5"
  >
    <h2>
      Q
      2
      :
      質問のタイトルが入ります
    </h2>
    <p
      class="mt-2 mb-4"
      id="question-content-1"
    >
      テキストテキストテキストテキストテキストテキストテキストテキストテキストテキストテキストテキストテキストテキストテキストテキストテキストテキストテキストテキストテキストテキストテキストテキスト
    </p>
    <div>
      <input
        id="choice-0"
        name="質問のタイトルが入ります"
        type="radio"
        value="選択肢A"
      />
      <label
        for="choice0"
        id="label-0"
      >
        選択肢A
      </label>
    </div>
    <div>
      <input
        id="choice-1"
        name="質問のタイトルが入ります"
        type="radio"
        value="選択肢B"
      />
      <label
        for="choice1"
        id="label-1"
      >
        選択肢B
      </label>
    </div>
    <div>
      <input
        id="choice-2"
        name="質問のタイトルが入ります"
        type="radio"
        value="選択肢C"
      />
      <label
        for="choice2"
        id="label-2"
      >
        選択肢C
      </label>
    </div>
    <div>
      <input
        id="choice-3"
        name="質問のタイトルが入ります"
        type="radio"
        value="選択肢D"
      />
      <label
        for="choice3"
        id="label-3"
      >
        選択肢D
      </label>
    </div>
  </div>
  <div
    class="py-5"
  >
    <h2>
      Q
      3
      :
      質問のタイトルが入ります
    </h2>
    <p
      class="mt-2 mb-4"
      id="question-content-2"
    >
      テキストテキストテキストテキストテキストテキストテキストテキストテキストテキストテキストテキストテキストテキストテキストテキストテキストテキストテキストテキストテキストテキストテキストテキスト
    </p>
    <label
      for="質問のタイトルが入ります"
    >
      <p
        id="answer-title-2"
      >
        解答記入欄
      </p>
    </label>
    <textarea
      class="border border-black mt-1 w-full"
      cols="50"
      id="質問のタイトルが入ります"
      name="質問のタイトルが入ります"
      rows="6"
    />
  </div>
</div>
`;
