// Jest Snapshot v1, https://goo.gl/fbAQLP

exports[`UserSelectModal.tsx スナップショットテスト モーダルを開いている状態 1`] = `
<div>
  <button
    class="bg-white hover:bg-gray-100 active:bg-gray-200 active:translate-y-0.5 active:shadow-sm py-2 px-4 rounded-full border shadow-md text-xs"
  >
    追加
  </button>
</div>
`;
