// Jest Snapshot v1, https://goo.gl/fbAQLP

exports[`質問・回答例一覧画面テスト スナップショット 1`] = `
<div>
  <div
    class="flex flex-col items-center my-10"
  >
    <div
      class="border-2 flex flex-col items-center w-5/12 max-w-5/12"
    >
      <div
        class="mt-7 flex items-center w-4/5 "
      >
        <div
          class=" w-4/5"
        >
          <div>
            <input
              class="border w-full pl-1 border-deep-gray"
              data-testid="input-search"
              id="search"
            />
          </div>
        </div>
        <div
          class=" w-1/5 flex justify-end"
        >
          <button
            class="bg-white hover:bg-gray-100 active:bg-gray-200 active:translate-y-0.5 active:shadow-sm rounded-full border shadow-md text-xs py-1 px-5"
            data-testid="button-search"
          >
            検索
          </button>
        </div>
      </div>
      <div
        class="mt-7 flex w-4/5 justify-between"
      />
      <div>
        <button
          class="bg-orange drop-shadow-md hover:saturate-150 active:drop-shadow-none active:shadow-inner hover:bg-depp-orange active:bg-depp-orange active:translate-y-0.5 text-white p-2 h-auto rounded-none text-xs py-1 px-5 w-auto my-7 active:rounded-none active:text-xs active:py-1 active:px-5 active:w-auto active:my-7"
          data-testid="button-refine"
        >
          絞り込み
        </button>
      </div>
    </div>
    <a
      data-testid="createButton"
      href="/admin/handle-question/create"
      id="createButton"
    >
      <div>
        <button
          class="bg-orange drop-shadow-md hover:saturate-150 active:drop-shadow-none active:shadow-inner hover:bg-depp-orange active:bg-depp-orange active:translate-y-0.5 text-white rounded-xl p-2 w-40 h-auto text-lg my-10 active:my-10"
        >
          新規追加
        </button>
      </div>
    </a>
    <table
      class="w-4/5 border-2"
      data-testid="projectTable"
    >
      <tbody>
        <tr
          class="border-2 border-current bg-light-gray"
        >
          <th
            class="w-1/5 border-2 py-4"
          >
            最終編集日
          </th>
          <th
            class="w-1/5 border-2"
          >
            案件名
          </th>
          <th
            class="w-2/5 border-2"
          >
            案件概要
          </th>
          <th
            class="w-1/5 border-2"
          />
        </tr>
      </tbody>
    </table>
    <div
      class="w-5/12 max-w-5/12 flex justify-center my-7"
    >
      <ul
        class="flex"
      />
    </div>
  </div>
</div>
`;
