// Jest Snapshot v1, https://goo.gl/fbAQLP

exports[`スナップショットテスト スナップショット 1`] = `
<div>
  <div>
    <table
      class="table-auto border border-collapse my-20 w-[80vw]"
    >
      <thead>
        <tr>
          <th
            class="border p-4 bg-neutral-300"
          >
            コメント
          </th>
          <th
            class="border  bg-neutral-300"
          >
            回答日
          </th>
          <th
            class="border  bg-neutral-300"
          >
            案件名
          </th>
          <th
            class="border  bg-neutral-300"
          >
            案件概要
          </th>
          <th
            class="border  bg-neutral-300"
          />
        </tr>
      </thead>
      <tbody />
    </table>
  </div>
</div>
`;
